WRN:---> <1234
WRN:  A:len=1
WRN:    type=v, modifier=60 (<), op=0( ), val=(d)1234/4d2
WRN:   > next is type x, 
WRN:---> <$1234
WRN:  A:len=1
WRN:    type=v, modifier=60 (<), op=0( ), val=(h)4660/1234
WRN:   > next is type x, 
WRN:---> <$x234
WRN:  A:len=0
WRN:   > next is type e, $x234
WRN:---> 0x234
WRN:  A:len=1
WRN:    type=v, modifier=0 ( ), op=0( ), val=(H)564/234
WRN:   > next is type x, 
WRN:---> 123+234
WRN:  A:len=2
WRN:    type=v, modifier=0 ( ), op=0( ), val=(d)123/7b
WRN:    type=v, modifier=0 ( ), op=43(+), val=(d)234/ea
WRN:   > next is type x, 
WRN:---> 123+34*44
WRN:  A:len=3
WRN:    type=v, modifier=0 ( ), op=0( ), val=(d)123/7b
WRN:    type=v, modifier=0 ( ), op=43(+), val=(d)34/22
WRN:    type=v, modifier=0 ( ), op=42(*), val=(d)44/2c
WRN:   > next is type x, 
WRN:---> (123+34)*44
WRN:  A:len=2
WRN:    type=b, modifier=0( ), op=0( ) (
WRN:    A:len=2
WRN:      type=v, modifier=0 ( ), op=0( ), val=(d)123/7b
WRN:      type=v, modifier=0 ( ), op=43(+), val=(d)34/22
WRN:    type=v, modifier=0 ( ), op=42(*), val=(d)44/2c
WRN:   > next is type x, 
