tokenizer:
tokenizing line: label1 lda #$10
TOK -> type=n, len=6, ptr=label1 lda #$10
TOK -> type=n, len=3, ptr=lda #$10
TOK -> type=t, len=1, ptr=#$10
TOK -> type=l, len=3, ptr=$10
END -> type=x, rest->
tokenizing line: label2: lda <xyz ; comment
TOK -> type=n, len=6, ptr=label2: lda <xyz ; comment
TOK -> type=t, len=1, ptr=: lda <xyz ; comment
TOK -> type=n, len=3, ptr=lda <xyz ; comment
TOK -> type=t, len=1, ptr=<xyz ; comment
TOK -> type=n, len=3, ptr=xyz ; comment
TOK -> type=t, len=1, ptr=; comment
TOK -> type=n, len=7, ptr=comment
END -> type=x, rest->
tokenizing line: dec 125
TOK -> type=n, len=3, ptr=dec 125
TOK -> type=l, len=3, ptr=125
END -> type=x, rest->
tokenizing line: dec 125,
TOK -> type=n, len=3, ptr=dec 125,
TOK -> type=l, len=3, ptr=125,
TOK -> type=t, len=1, ptr=,
END -> type=x, rest->
tokenizing line: dec 125;
TOK -> type=n, len=3, ptr=dec 125;
TOK -> type=l, len=3, ptr=125;
TOK -> type=t, len=1, ptr=;
END -> type=x, rest->
tokenizing line: dec 0128
TOK -> type=n, len=3, ptr=dec 0128
END -> type=e, rest->0128
tokenizing line: dec 0128,
TOK -> type=n, len=3, ptr=dec 0128,
END -> type=e, rest->0128,
tokenizing line: dec 0128;
TOK -> type=n, len=3, ptr=dec 0128;
END -> type=e, rest->0128;
tokenizing line: inc 0x12df
TOK -> type=n, len=3, ptr=inc 0x12df
TOK -> type=l, len=6, ptr=0x12df
END -> type=x, rest->
tokenizing line: inc $1234f
TOK -> type=n, len=3, ptr=inc $1234f
TOK -> type=l, len=6, ptr=$1234f
END -> type=x, rest->
tokenizing line: inc $1234f,
TOK -> type=n, len=3, ptr=inc $1234f,
TOK -> type=l, len=6, ptr=$1234f,
TOK -> type=t, len=1, ptr=,
END -> type=x, rest->
tokenizing line: inc $1234f;
TOK -> type=n, len=3, ptr=inc $1234f;
TOK -> type=l, len=6, ptr=$1234f;
TOK -> type=t, len=1, ptr=;
END -> type=x, rest->
tokenizing line: .byt 'xsd&'
TOK -> type=t, len=1, ptr=.byt 'xsd&'
TOK -> type=n, len=3, ptr=byt 'xsd&'
TOK -> type=s, len=6, ptr='xsd&'
END -> type=x, rest->
tokenizing line: .byt 'xsd&
TOK -> type=t, len=1, ptr=.byt 'xsd&
TOK -> type=n, len=3, ptr=byt 'xsd&
TOK -> type=s, len=5, ptr='xsd&
END -> type=x, rest->
tokenizing line: .asc "dsdd'
TOK -> type=t, len=1, ptr=.asc "dsdd'
TOK -> type=n, len=3, ptr=asc "dsdd'
TOK -> type=s, len=6, ptr="dsdd'
END -> type=x, rest->
tokenizing line: .asc "dsA€"
TOK -> type=t, len=1, ptr=.asc "dsA€"
TOK -> type=n, len=3, ptr=asc "dsA€"
TOK -> type=s, len=8, ptr="dsA€"
END -> type=x, rest->
