hash put name=byt
hash put name=byte
hash put name=word
WRN:
WRN:>>> label .word 1,2,3,4,5
parse -> 0
WRN:BLK:0 ctx:0 (CPU: nmos, isa:$7)
WRN:LAB: name:label ctx:0 pos:bogusfile:1
WRN:MOD: BASE: 0, SYN: 0, UM: 0, NF: 0, RS: -1, LE: -1
WRN:PSEUDO: word
WRN:PARS:
WRN:    A:len=1
WRN:      type=v, modifier=0 ( ), op=0( ), val=(d)1/1
WRN:    A:len=1
WRN:      type=v, modifier=0 ( ), op=0( ), val=(d)2/2
WRN:    A:len=1
WRN:      type=v, modifier=0 ( ), op=0( ), val=(d)3/3
WRN:    A:len=1
WRN:      type=v, modifier=0 ( ), op=0( ), val=(d)4/4
WRN:    A:len=1
WRN:      type=v, modifier=0 ( ), op=0( ), val=(d)5/5
WRN:
WRN:>>> .byt 1,$2,"3",4,5
parse -> 0
WRN:BLK:0 ctx:0 (CPU: nmos, isa:$7)
WRN:MOD: BASE: 0, SYN: 0, UM: 0, NF: 0, RS: -1, LE: -1
WRN:PSEUDO: byt
WRN:PARS:
WRN:    A:len=1
WRN:      type=v, modifier=0 ( ), op=0( ), val=(d)1/1
WRN:    A:len=1
WRN:      type=v, modifier=0 ( ), op=0( ), val=(h)2/2
WRN:    A:len=1
WRN:      type=v, modifier=0 ( ), op=0( ), val=(c)51/33
WRN:    A:len=1
WRN:      type=v, modifier=0 ( ), op=0( ), val=(d)4/4
WRN:    A:len=1
WRN:      type=v, modifier=0 ( ), op=0( ), val=(d)5/5
