WRN:
WRN:>>> label adc #123
WRN:--------------- STMT ---------------
WRN:BLK:0 ctx:0 (CPU: nmos, isa:$7), seg=seg1
WRN:LAB: name:label ctx:0 pos:bogusfile:1
WRN:OPR: name:ADC isa:$561 isrel:0 acw:0 idxw:0
WRN:MOD: BASE: 0, SYN: 1, UM: 0, NF: 0, RS: 0, LE: 0
WRN:PAR: 
WRN:    A:len=1
WRN:      type=v, modifier=0 ( ), op=0( ), val=(d)123/7b
WRN:
WRN:>>> lda 123
WRN:--------------- STMT ---------------
WRN:BLK:0 ctx:1 (CPU: nmos, isa:$7), seg=seg1
WRN:OPR: name:LDA isa:$1561 isrel:0 acw:0 idxw:0
WRN:MOD: BASE: 0, SYN: 2, UM: 0, NF: 0, RS: 0, LE: 0
WRN:PAR: 
WRN:    A:len=1
WRN:      type=v, modifier=0 ( ), op=0( ), val=(d)123/7b
WRN:
WRN:>>> ldx (12),y
WRN:--------------- STMT ---------------
WRN:BLK:0 ctx:2 (CPU: nmos, isa:$7), seg=seg2
WRN:OPR: name:LDX isa:$401 isrel:0 acw:0 idxw:0
WRN:MOD: BASE: 0, SYN: 7, UM: 0, NF: 0, RS: 0, LE: 0
WRN:PAR: 
WRN:    A:len=1
WRN:      type=v, modifier=0 ( ), op=0( ), val=(d)12/c
WRN:
WRN:>>> lda ($12,s,x)
WRN:--------------- STMT ---------------
WRN:BLK:0 ctx:3 (CPU: nmos, isa:$7), seg=seg1
WRN:OPR: name:LDA isa:$1561 isrel:0 acw:0 idxw:0
WRN:MOD: BASE: 151, SYN: 9, UM: 0, NF: 0, RS: 0, LE: 0
WRN:PAR: 
WRN:    A:len=1
WRN:      type=v, modifier=0 ( ), op=0( ), val=(h)18/12
WRN:
WRN:>>> lda (12,s),y
WRN:--------------- STMT ---------------
WRN:BLK:0 ctx:4 (CPU: nmos, isa:$7), seg=seg2
WRN:OPR: name:LDA isa:$1561 isrel:0 acw:0 idxw:0
WRN:MOD: BASE: 151, SYN: 7, UM: 0, NF: 0, RS: 0, LE: 0
WRN:PAR: 
WRN:    A:len=1
WRN:      type=v, modifier=0 ( ), op=0( ), val=(d)12/c
WRN:By segment
WRN:got segment: seg1
WRN:--------------- STMT ---------------
WRN:BLK:0 ctx:0 (CPU: nmos, isa:$7), seg=seg1
WRN:LAB: name:label ctx:0 pos:bogusfile:1
WRN:OPR: name:ADC isa:$561 isrel:0 acw:0 idxw:0
WRN:MOD: BASE: 0, SYN: 1, UM: 0, NF: 0, RS: 0, LE: 0
WRN:PAR: 
WRN:    A:len=1
WRN:      type=v, modifier=0 ( ), op=0( ), val=(d)123/7b
WRN:--------------- STMT ---------------
WRN:BLK:0 ctx:1 (CPU: nmos, isa:$7), seg=seg1
WRN:OPR: name:LDA isa:$1561 isrel:0 acw:0 idxw:0
WRN:MOD: BASE: 0, SYN: 2, UM: 0, NF: 0, RS: 0, LE: 0
WRN:PAR: 
WRN:    A:len=1
WRN:      type=v, modifier=0 ( ), op=0( ), val=(d)123/7b
WRN:--------------- STMT ---------------
WRN:BLK:0 ctx:3 (CPU: nmos, isa:$7), seg=seg1
WRN:OPR: name:LDA isa:$1561 isrel:0 acw:0 idxw:0
WRN:MOD: BASE: 151, SYN: 9, UM: 0, NF: 0, RS: 0, LE: 0
WRN:PAR: 
WRN:    A:len=1
WRN:      type=v, modifier=0 ( ), op=0( ), val=(h)18/12
WRN:got segment: seg2
WRN:--------------- STMT ---------------
WRN:BLK:0 ctx:2 (CPU: nmos, isa:$7), seg=seg2
WRN:OPR: name:LDX isa:$401 isrel:0 acw:0 idxw:0
WRN:MOD: BASE: 0, SYN: 7, UM: 0, NF: 0, RS: 0, LE: 0
WRN:PAR: 
WRN:    A:len=1
WRN:      type=v, modifier=0 ( ), op=0( ), val=(d)12/c
WRN:--------------- STMT ---------------
WRN:BLK:0 ctx:4 (CPU: nmos, isa:$7), seg=seg2
WRN:OPR: name:LDA isa:$1561 isrel:0 acw:0 idxw:0
WRN:MOD: BASE: 151, SYN: 7, UM: 0, NF: 0, RS: 0, LE: 0
WRN:PAR: 
WRN:    A:len=1
WRN:      type=v, modifier=0 ( ), op=0( ), val=(d)12/c
